<?xml version="1.0" encoding="UTF-8"?>
<UWRPG>
  <Grid xSize="12" zSize="12" texture="Textures/red">
    <GridSquare xIndex="0" zIndex="0">
      <IsWalkable>True</IsWalkable>
      <Height>0.01</Height>
      <TopUp>0 0 -1</TopUp>
      <TopAngle>0</TopAngle>
    </GridSquare>
    <GridSquare xIndex="0" zIndex="1">
      <IsWalkable>True</IsWalkable>
      <Height>0.01</Height>
      <TopUp>0 0 -1</TopUp>
      <TopAngle>0</TopAngle>
    </GridSquare>
    <GridSquare xIndex="0" zIndex="2">
      <IsWalkable>True</IsWalkable>
      <Height>0.01</Height>
      <TopUp>0 0 -1</TopUp>
      <TopAngle>0</TopAngle>
    </GridSquare>
    <GridSquare xIndex="0" zIndex="3">
      <IsWalkable>True</IsWalkable>
      <Height>0.01</Height>
      <TopUp>0 0 -1</TopUp>
      <TopAngle>0</TopAngle>
    </GridSquare>
    <GridSquare xIndex="0" zIndex="4">
      <IsWalkable>True</IsWalkable>
      <Height>0.01</Height>
      <TopUp>0 0 -1</TopUp>
      <TopAngle>0</TopAngle>
    </GridSquare>
    <GridSquare xIndex="0" zIndex="5">
      <IsWalkable>True</IsWalkable>
      <Height>0.01</Height>
      <TopUp>0 0 -1</TopUp>
      <TopAngle>0</TopAngle>
    </GridSquare>
    <GridSquare xIndex="0" zIndex="6">
      <IsWalkable>True</IsWalkable>
      <Height>0.01</Height>
      <TopUp>0 0 -1</TopUp>
      <TopAngle>0</TopAngle>
    </GridSquare>
    <GridSquare xIndex="0" zIndex="7">
      <IsWalkable>True</IsWalkable>
      <Height>0.01</Height>
      <TopUp>0 0 -1</TopUp>
      <TopAngle>0</TopAngle>
    </GridSquare>
    <GridSquare xIndex="0" zIndex="8">
      <IsWalkable>True</IsWalkable>
      <Height>0.01</Height>
      <TopUp>0 0 -1</TopUp>
      <TopAngle>0</TopAngle>
    </GridSquare>
    <GridSquare xIndex="0" zIndex="9">
      <IsWalkable>True</IsWalkable>
      <Height>0.01</Height>
      <TopUp>0 0 -1</TopUp>
      <TopAngle>0</TopAngle>
    </GridSquare>
    <GridSquare xIndex="0" zIndex="10">
      <IsWalkable>True</IsWalkable>
      <Height>0.01</Height>
      <TopUp>0 0 -1</TopUp>
      <TopAngle>0</TopAngle>
    </GridSquare>
    <GridSquare xIndex="0" zIndex="11">
      <IsWalkable>True</IsWalkable>
      <Height>0.01</Height>
      <TopUp>0 0 -1</TopUp>
      <TopAngle>0</TopAngle>
    </GridSquare>
    <GridSquare xIndex="1" zIndex="0">
      <IsWalkable>True</IsWalkable>
      <Height>0.01</Height>
      <TopUp>0 0 -1</TopUp>
      <TopAngle>0</TopAngle>
    </GridSquare>
    <GridSquare xIndex="1" zIndex="1">
      <IsWalkable>True</IsWalkable>
      <Height>0.01</Height>
      <TopUp>0 0 -1</TopUp>
      <TopAngle>0</TopAngle>
    </GridSquare>
    <GridSquare xIndex="1" zIndex="2">
      <IsWalkable>True</IsWalkable>
      <Height>0.01</Height>
      <TopUp>0 0 -1</TopUp>
      <TopAngle>0</TopAngle>
    </GridSquare>
    <GridSquare xIndex="1" zIndex="3">
      <IsWalkable>True</IsWalkable>
      <Height>0.01</Height>
      <TopUp>0 0 -1</TopUp>
      <TopAngle>0</TopAngle>
    </GridSquare>
    <GridSquare xIndex="1" zIndex="4">
      <IsWalkable>True</IsWalkable>
      <Height>0.01</Height>
      <TopUp>0 0 -1</TopUp>
      <TopAngle>0</TopAngle>
    </GridSquare>
    <GridSquare xIndex="1" zIndex="5">
      <IsWalkable>True</IsWalkable>
      <Height>0.01</Height>
      <TopUp>0 0 -1</TopUp>
      <TopAngle>0</TopAngle>
    </GridSquare>
    <GridSquare xIndex="1" zIndex="6">
      <IsWalkable>True</IsWalkable>
      <Height>0.01</Height>
      <TopUp>0 0 -1</TopUp>
      <TopAngle>0</TopAngle>
    </GridSquare>
    <GridSquare xIndex="1" zIndex="7">
      <IsWalkable>True</IsWalkable>
      <Height>0.01</Height>
      <TopUp>0 0 -1</TopUp>
      <TopAngle>0</TopAngle>
    </GridSquare>
    <GridSquare xIndex="1" zIndex="8">
      <IsWalkable>True</IsWalkable>
      <Height>0.01</Height>
      <TopUp>0 0 -1</TopUp>
      <TopAngle>0</TopAngle>
    </GridSquare>
    <GridSquare xIndex="1" zIndex="9">
      <IsWalkable>True</IsWalkable>
      <Height>0.01</Height>
      <TopUp>0 0 -1</TopUp>
      <TopAngle>0</TopAngle>
    </GridSquare>
    <GridSquare xIndex="1" zIndex="10">
      <IsWalkable>True</IsWalkable>
      <Height>0.01</Height>
      <TopUp>0 0 -1</TopUp>
      <TopAngle>0</TopAngle>
    </GridSquare>
    <GridSquare xIndex="1" zIndex="11">
      <IsWalkable>True</IsWalkable>
      <Height>0.01</Height>
      <TopUp>0 0 -1</TopUp>
      <TopAngle>0</TopAngle>
    </GridSquare>
    <GridSquare xIndex="2" zIndex="0">
      <IsWalkable>True</IsWalkable>
      <Height>0.01</Height>
      <TopUp>0 0 -1</TopUp>
      <TopAngle>0</TopAngle>
    </GridSquare>
    <GridSquare xIndex="2" zIndex="1">
      <IsWalkable>True</IsWalkable>
      <Height>0.01</Height>
      <TopUp>0 0 -1</TopUp>
      <TopAngle>0</TopAngle>
    </GridSquare>
    <GridSquare xIndex="2" zIndex="2">
      <IsWalkable>True</IsWalkable>
      <Height>0.01</Height>
      <TopUp>0 0 -1</TopUp>
      <TopAngle>0</TopAngle>
    </GridSquare>
    <GridSquare xIndex="2" zIndex="3">
      <IsWalkable>True</IsWalkable>
      <Height>0.01</Height>
      <TopUp>0 0 -1</TopUp>
      <TopAngle>0</TopAngle>
    </GridSquare>
    <GridSquare xIndex="2" zIndex="4">
      <IsWalkable>True</IsWalkable>
      <Height>0.01</Height>
      <TopUp>0 0 -1</TopUp>
      <TopAngle>0</TopAngle>
    </GridSquare>
    <GridSquare xIndex="2" zIndex="5">
      <IsWalkable>True</IsWalkable>
      <Height>0.01</Height>
      <TopUp>0 0 -1</TopUp>
      <TopAngle>0</TopAngle>
    </GridSquare>
    <GridSquare xIndex="2" zIndex="6">
      <IsWalkable>True</IsWalkable>
      <Height>0.01</Height>
      <TopUp>0 0 -1</TopUp>
      <TopAngle>0</TopAngle>
    </GridSquare>
    <GridSquare xIndex="2" zIndex="7">
      <IsWalkable>True</IsWalkable>
      <Height>0.01</Height>
      <TopUp>0 0 -1</TopUp>
      <TopAngle>0</TopAngle>
    </GridSquare>
    <GridSquare xIndex="2" zIndex="8">
      <IsWalkable>True</IsWalkable>
      <Height>0.01</Height>
      <TopUp>0 0 -1</TopUp>
      <TopAngle>0</TopAngle>
    </GridSquare>
    <GridSquare xIndex="2" zIndex="9">
      <IsWalkable>True</IsWalkable>
      <Height>0.01</Height>
      <TopUp>0 0 -1</TopUp>
      <TopAngle>0</TopAngle>
    </GridSquare>
    <GridSquare xIndex="2" zIndex="10">
      <IsWalkable>True</IsWalkable>
      <Height>0.01</Height>
      <TopUp>0 0 -1</TopUp>
      <TopAngle>0</TopAngle>
    </GridSquare>
    <GridSquare xIndex="2" zIndex="11">
      <IsWalkable>True</IsWalkable>
      <Height>0.01</Height>
      <TopUp>0 0 -1</TopUp>
      <TopAngle>0</TopAngle>
    </GridSquare>
    <GridSquare xIndex="3" zIndex="0">
      <IsWalkable>True</IsWalkable>
      <Height>0.01</Height>
      <TopUp>0 0 -1</TopUp>
      <TopAngle>0</TopAngle>
    </GridSquare>
    <GridSquare xIndex="3" zIndex="1">
      <IsWalkable>True</IsWalkable>
      <Height>0.01</Height>
      <TopUp>0 0 -1</TopUp>
      <TopAngle>0</TopAngle>
    </GridSquare>
    <GridSquare xIndex="3" zIndex="2">
      <IsWalkable>True</IsWalkable>
      <Height>0.01</Height>
      <TopUp>0 0 -1</TopUp>
      <TopAngle>0</TopAngle>
    </GridSquare>
    <GridSquare xIndex="3" zIndex="3">
      <IsWalkable>True</IsWalkable>
      <Height>0.01</Height>
      <TopUp>0 0 -1</TopUp>
      <TopAngle>0</TopAngle>
    </GridSquare>
    <GridSquare xIndex="3" zIndex="4">
      <IsWalkable>True</IsWalkable>
      <Height>0.01</Height>
      <TopUp>0 0 -1</TopUp>
      <TopAngle>0</TopAngle>
    </GridSquare>
    <GridSquare xIndex="3" zIndex="5">
      <IsWalkable>True</IsWalkable>
      <Height>0.01</Height>
      <TopUp>0 0 -1</TopUp>
      <TopAngle>0</TopAngle>
    </GridSquare>
    <GridSquare xIndex="3" zIndex="6">
      <IsWalkable>True</IsWalkable>
      <Height>0.01</Height>
      <TopUp>0 0 -1</TopUp>
      <TopAngle>0</TopAngle>
    </GridSquare>
    <GridSquare xIndex="3" zIndex="7">
      <IsWalkable>True</IsWalkable>
      <Height>0.01</Height>
      <TopUp>0 0 -1</TopUp>
      <TopAngle>0</TopAngle>
    </GridSquare>
    <GridSquare xIndex="3" zIndex="8">
      <IsWalkable>True</IsWalkable>
      <Height>0.01</Height>
      <TopUp>0 0 -1</TopUp>
      <TopAngle>0</TopAngle>
    </GridSquare>
    <GridSquare xIndex="3" zIndex="9">
      <IsWalkable>True</IsWalkable>
      <Height>0.01</Height>
      <TopUp>0 0 -1</TopUp>
      <TopAngle>0</TopAngle>
    </GridSquare>
    <GridSquare xIndex="3" zIndex="10">
      <IsWalkable>True</IsWalkable>
      <Height>0.01</Height>
      <TopUp>0 0 -1</TopUp>
      <TopAngle>0</TopAngle>
    </GridSquare>
    <GridSquare xIndex="3" zIndex="11">
      <IsWalkable>True</IsWalkable>
      <Height>0.01</Height>
      <TopUp>0 0 -1</TopUp>
      <TopAngle>0</TopAngle>
    </GridSquare>
    <GridSquare xIndex="4" zIndex="0">
      <IsWalkable>True</IsWalkable>
      <Height>0.01</Height>
      <TopUp>0 0 -1</TopUp>
      <TopAngle>0</TopAngle>
    </GridSquare>
    <GridSquare xIndex="4" zIndex="1">
      <IsWalkable>True</IsWalkable>
      <Height>0.01</Height>
      <TopUp>0 0 -1</TopUp>
      <TopAngle>0</TopAngle>
    </GridSquare>
    <GridSquare xIndex="4" zIndex="2">
      <IsWalkable>True</IsWalkable>
      <Height>0.01</Height>
      <TopUp>0 0 -1</TopUp>
      <TopAngle>0</TopAngle>
    </GridSquare>
    <GridSquare xIndex="4" zIndex="3">
      <IsWalkable>True</IsWalkable>
      <Height>0.01</Height>
      <TopUp>0 0 -1</TopUp>
      <TopAngle>0</TopAngle>
    </GridSquare>
    <GridSquare xIndex="4" zIndex="4">
      <IsWalkable>True</IsWalkable>
      <Height>0.01</Height>
      <TopUp>0 0 -1</TopUp>
      <TopAngle>0</TopAngle>
    </GridSquare>
    <GridSquare xIndex="4" zIndex="5">
      <IsWalkable>True</IsWalkable>
      <Height>0.01</Height>
      <TopUp>0 0 -1</TopUp>
      <TopAngle>0</TopAngle>
    </GridSquare>
    <GridSquare xIndex="4" zIndex="6">
      <IsWalkable>True</IsWalkable>
      <Height>0.01</Height>
      <TopUp>0 0 -1</TopUp>
      <TopAngle>0</TopAngle>
    </GridSquare>
    <GridSquare xIndex="4" zIndex="7">
      <IsWalkable>True</IsWalkable>
      <Height>0.01</Height>
      <TopUp>0 0 -1</TopUp>
      <TopAngle>0</TopAngle>
    </GridSquare>
    <GridSquare xIndex="4" zIndex="8">
      <IsWalkable>True</IsWalkable>
      <Height>0.01</Height>
      <TopUp>0 0 -1</TopUp>
      <TopAngle>0</TopAngle>
    </GridSquare>
    <GridSquare xIndex="4" zIndex="9">
      <IsWalkable>True</IsWalkable>
      <Height>0.01</Height>
      <TopUp>0 0 -1</TopUp>
      <TopAngle>0</TopAngle>
    </GridSquare>
    <GridSquare xIndex="4" zIndex="10">
      <IsWalkable>True</IsWalkable>
      <Height>0.01</Height>
      <TopUp>0 0 -1</TopUp>
      <TopAngle>0</TopAngle>
    </GridSquare>
    <GridSquare xIndex="4" zIndex="11">
      <IsWalkable>True</IsWalkable>
      <Height>0.01</Height>
      <TopUp>0 0 -1</TopUp>
      <TopAngle>0</TopAngle>
    </GridSquare>
    <GridSquare xIndex="5" zIndex="0">
      <IsWalkable>True</IsWalkable>
      <Height>0.01</Height>
      <TopUp>0 0 -1</TopUp>
      <TopAngle>0</TopAngle>
    </GridSquare>
    <GridSquare xIndex="5" zIndex="1">
      <IsWalkable>True</IsWalkable>
      <Height>0.01</Height>
      <TopUp>0 0 -1</TopUp>
      <TopAngle>0</TopAngle>
    </GridSquare>
    <GridSquare xIndex="5" zIndex="2">
      <IsWalkable>True</IsWalkable>
      <Height>0.01</Height>
      <TopUp>0 0 -1</TopUp>
      <TopAngle>0</TopAngle>
    </GridSquare>
    <GridSquare xIndex="5" zIndex="3">
      <IsWalkable>True</IsWalkable>
      <Height>0.01</Height>
      <TopUp>0 0 -1</TopUp>
      <TopAngle>0</TopAngle>
    </GridSquare>
    <GridSquare xIndex="5" zIndex="4">
      <IsWalkable>True</IsWalkable>
      <Height>0.01</Height>
      <TopUp>0 0 -1</TopUp>
      <TopAngle>0</TopAngle>
    </GridSquare>
    <GridSquare xIndex="5" zIndex="5">
      <IsWalkable>True</IsWalkable>
      <Height>0.01</Height>
      <TopUp>0 0 -1</TopUp>
      <TopAngle>0</TopAngle>
    </GridSquare>
    <GridSquare xIndex="5" zIndex="6">
      <IsWalkable>True</IsWalkable>
      <Height>0.01</Height>
      <TopUp>0 0 -1</TopUp>
      <TopAngle>0</TopAngle>
    </GridSquare>
    <GridSquare xIndex="5" zIndex="7">
      <IsWalkable>True</IsWalkable>
      <Height>0.01</Height>
      <TopUp>0 0 -1</TopUp>
      <TopAngle>0</TopAngle>
    </GridSquare>
    <GridSquare xIndex="5" zIndex="8">
      <IsWalkable>True</IsWalkable>
      <Height>0.01</Height>
      <TopUp>0 0 -1</TopUp>
      <TopAngle>0</TopAngle>
    </GridSquare>
    <GridSquare xIndex="5" zIndex="9">
      <IsWalkable>True</IsWalkable>
      <Height>0.01</Height>
      <TopUp>0 0 -1</TopUp>
      <TopAngle>0</TopAngle>
    </GridSquare>
    <GridSquare xIndex="5" zIndex="10">
      <IsWalkable>True</IsWalkable>
      <Height>0.01</Height>
      <TopUp>0 0 -1</TopUp>
      <TopAngle>0</TopAngle>
    </GridSquare>
    <GridSquare xIndex="5" zIndex="11">
      <IsWalkable>True</IsWalkable>
      <Height>0.01</Height>
      <TopUp>0 0 -1</TopUp>
      <TopAngle>0</TopAngle>
    </GridSquare>
    <GridSquare xIndex="6" zIndex="0">
      <IsWalkable>True</IsWalkable>
      <Height>0.01</Height>
      <TopUp>0 0 -1</TopUp>
      <TopAngle>0</TopAngle>
    </GridSquare>
    <GridSquare xIndex="6" zIndex="1">
      <IsWalkable>True</IsWalkable>
      <Height>0.01</Height>
      <TopUp>0 0 -1</TopUp>
      <TopAngle>0</TopAngle>
    </GridSquare>
    <GridSquare xIndex="6" zIndex="2">
      <IsWalkable>True</IsWalkable>
      <Height>0.01</Height>
      <TopUp>0 0 -1</TopUp>
      <TopAngle>0</TopAngle>
    </GridSquare>
    <GridSquare xIndex="6" zIndex="3">
      <IsWalkable>True</IsWalkable>
      <Height>0.01</Height>
      <TopUp>0 0 -1</TopUp>
      <TopAngle>0</TopAngle>
    </GridSquare>
    <GridSquare xIndex="6" zIndex="4">
      <IsWalkable>True</IsWalkable>
      <Height>0.01</Height>
      <TopUp>0 0 -1</TopUp>
      <TopAngle>0</TopAngle>
    </GridSquare>
    <GridSquare xIndex="6" zIndex="5">
      <IsWalkable>True</IsWalkable>
      <Height>0.01</Height>
      <TopUp>0 0 -1</TopUp>
      <TopAngle>0</TopAngle>
    </GridSquare>
    <GridSquare xIndex="6" zIndex="6">
      <IsWalkable>True</IsWalkable>
      <Height>0.01</Height>
      <TopUp>0 0 -1</TopUp>
      <TopAngle>0</TopAngle>
    </GridSquare>
    <GridSquare xIndex="6" zIndex="7">
      <IsWalkable>True</IsWalkable>
      <Height>0.01</Height>
      <TopUp>0 0 -1</TopUp>
      <TopAngle>0</TopAngle>
    </GridSquare>
    <GridSquare xIndex="6" zIndex="8">
      <IsWalkable>True</IsWalkable>
      <Height>0.01</Height>
      <TopUp>0 0 -1</TopUp>
      <TopAngle>0</TopAngle>
    </GridSquare>
    <GridSquare xIndex="6" zIndex="9">
      <IsWalkable>True</IsWalkable>
      <Height>0.01</Height>
      <TopUp>0 0 -1</TopUp>
      <TopAngle>0</TopAngle>
    </GridSquare>
    <GridSquare xIndex="6" zIndex="10">
      <IsWalkable>True</IsWalkable>
      <Height>0.01</Height>
      <TopUp>0 0 -1</TopUp>
      <TopAngle>0</TopAngle>
    </GridSquare>
    <GridSquare xIndex="6" zIndex="11">
      <IsWalkable>True</IsWalkable>
      <Height>0.01</Height>
      <TopUp>0 0 -1</TopUp>
      <TopAngle>0</TopAngle>
    </GridSquare>
    <GridSquare xIndex="7" zIndex="0">
      <IsWalkable>True</IsWalkable>
      <Height>0.01</Height>
      <TopUp>0 0 -1</TopUp>
      <TopAngle>0</TopAngle>
    </GridSquare>
    <GridSquare xIndex="7" zIndex="1">
      <IsWalkable>True</IsWalkable>
      <Height>0.01</Height>
      <TopUp>0 0 -1</TopUp>
      <TopAngle>0</TopAngle>
    </GridSquare>
    <GridSquare xIndex="7" zIndex="2">
      <IsWalkable>True</IsWalkable>
      <Height>0.01</Height>
      <TopUp>0 0 -1</TopUp>
      <TopAngle>0</TopAngle>
    </GridSquare>
    <GridSquare xIndex="7" zIndex="3">
      <IsWalkable>True</IsWalkable>
      <Height>0.01</Height>
      <TopUp>0 0 -1</TopUp>
      <TopAngle>0</TopAngle>
    </GridSquare>
    <GridSquare xIndex="7" zIndex="4">
      <IsWalkable>True</IsWalkable>
      <Height>1.06</Height>
      <TopUp>1 0 0</TopUp>
      <TopAngle>25</TopAngle>
    </GridSquare>
    <GridSquare xIndex="7" zIndex="5">
      <IsWalkable>True</IsWalkable>
      <Height>0.01</Height>
      <TopUp>0 0 -1</TopUp>
      <TopAngle>0</TopAngle>
    </GridSquare>
    <GridSquare xIndex="7" zIndex="6">
      <IsWalkable>True</IsWalkable>
      <Height>0.01</Height>
      <TopUp>0 0 -1</TopUp>
      <TopAngle>0</TopAngle>
    </GridSquare>
    <GridSquare xIndex="7" zIndex="7">
      <IsWalkable>True</IsWalkable>
      <Height>0.01</Height>
      <TopUp>0 0 -1</TopUp>
      <TopAngle>0</TopAngle>
    </GridSquare>
    <GridSquare xIndex="7" zIndex="8">
      <IsWalkable>True</IsWalkable>
      <Height>0.01</Height>
      <TopUp>0 0 -1</TopUp>
      <TopAngle>0</TopAngle>
    </GridSquare>
    <GridSquare xIndex="7" zIndex="9">
      <IsWalkable>True</IsWalkable>
      <Height>0.01</Height>
      <TopUp>0 0 -1</TopUp>
      <TopAngle>0</TopAngle>
    </GridSquare>
    <GridSquare xIndex="7" zIndex="10">
      <IsWalkable>True</IsWalkable>
      <Height>0.01</Height>
      <TopUp>0 0 -1</TopUp>
      <TopAngle>0</TopAngle>
    </GridSquare>
    <GridSquare xIndex="7" zIndex="11">
      <IsWalkable>True</IsWalkable>
      <Height>0.01</Height>
      <TopUp>0 0 -1</TopUp>
      <TopAngle>0</TopAngle>
    </GridSquare>
    <GridSquare xIndex="8" zIndex="0">
      <IsWalkable>True</IsWalkable>
      <Height>0.01</Height>
      <TopUp>0 0 -1</TopUp>
      <TopAngle>0</TopAngle>
    </GridSquare>
    <GridSquare xIndex="8" zIndex="1">
      <IsWalkable>True</IsWalkable>
      <Height>0.01</Height>
      <TopUp>0 0 -1</TopUp>
      <TopAngle>0</TopAngle>
    </GridSquare>
    <GridSquare xIndex="8" zIndex="2">
      <IsWalkable>True</IsWalkable>
      <Height>0.01</Height>
      <TopUp>0 0 -1</TopUp>
      <TopAngle>0</TopAngle>
    </GridSquare>
    <GridSquare xIndex="8" zIndex="3">
      <IsWalkable>True</IsWalkable>
      <Height>0.01</Height>
      <TopUp>0 0 -1</TopUp>
      <TopAngle>0</TopAngle>
    </GridSquare>
    <GridSquare xIndex="8" zIndex="4">
      <IsWalkable>True</IsWalkable>
      <Height>0.01</Height>
      <TopUp>0 0 -1</TopUp>
      <TopAngle>0</TopAngle>
    </GridSquare>
    <GridSquare xIndex="8" zIndex="5">
      <IsWalkable>True</IsWalkable>
      <Height>0.01</Height>
      <TopUp>0 0 -1</TopUp>
      <TopAngle>0</TopAngle>
    </GridSquare>
    <GridSquare xIndex="8" zIndex="6">
      <IsWalkable>True</IsWalkable>
      <Height>0.01</Height>
      <TopUp>0 0 -1</TopUp>
      <TopAngle>0</TopAngle>
    </GridSquare>
    <GridSquare xIndex="8" zIndex="7">
      <IsWalkable>True</IsWalkable>
      <Height>0.01</Height>
      <TopUp>0 0 -1</TopUp>
      <TopAngle>0</TopAngle>
    </GridSquare>
    <GridSquare xIndex="8" zIndex="8">
      <IsWalkable>True</IsWalkable>
      <Height>0.01</Height>
      <TopUp>0 0 -1</TopUp>
      <TopAngle>0</TopAngle>
    </GridSquare>
    <GridSquare xIndex="8" zIndex="9">
      <IsWalkable>True</IsWalkable>
      <Height>0.01</Height>
      <TopUp>0 0 -1</TopUp>
      <TopAngle>0</TopAngle>
    </GridSquare>
    <GridSquare xIndex="8" zIndex="10">
      <IsWalkable>True</IsWalkable>
      <Height>0.01</Height>
      <TopUp>0 0 -1</TopUp>
      <TopAngle>0</TopAngle>
    </GridSquare>
    <GridSquare xIndex="8" zIndex="11">
      <IsWalkable>True</IsWalkable>
      <Height>0.01</Height>
      <TopUp>0 0 -1</TopUp>
      <TopAngle>0</TopAngle>
    </GridSquare>
    <GridSquare xIndex="9" zIndex="0">
      <IsWalkable>True</IsWalkable>
      <Height>0.01</Height>
      <TopUp>0 0 -1</TopUp>
      <TopAngle>0</TopAngle>
    </GridSquare>
    <GridSquare xIndex="9" zIndex="1">
      <IsWalkable>True</IsWalkable>
      <Height>0.01</Height>
      <TopUp>0 0 -1</TopUp>
      <TopAngle>0</TopAngle>
    </GridSquare>
    <GridSquare xIndex="9" zIndex="2">
      <IsWalkable>True</IsWalkable>
      <Height>0.01</Height>
      <TopUp>0 0 -1</TopUp>
      <TopAngle>0</TopAngle>
    </GridSquare>
    <GridSquare xIndex="9" zIndex="3">
      <IsWalkable>True</IsWalkable>
      <Height>0.01</Height>
      <TopUp>0 0 -1</TopUp>
      <TopAngle>0</TopAngle>
    </GridSquare>
    <GridSquare xIndex="9" zIndex="4">
      <IsWalkable>True</IsWalkable>
      <Height>0.01</Height>
      <TopUp>0 0 -1</TopUp>
      <TopAngle>0</TopAngle>
    </GridSquare>
    <GridSquare xIndex="9" zIndex="5">
      <IsWalkable>True</IsWalkable>
      <Height>0.01</Height>
      <TopUp>0 0 -1</TopUp>
      <TopAngle>0</TopAngle>
    </GridSquare>
    <GridSquare xIndex="9" zIndex="6">
      <IsWalkable>True</IsWalkable>
      <Height>0.01</Height>
      <TopUp>0 0 -1</TopUp>
      <TopAngle>0</TopAngle>
    </GridSquare>
    <GridSquare xIndex="9" zIndex="7">
      <IsWalkable>True</IsWalkable>
      <Height>0.01</Height>
      <TopUp>0 0 -1</TopUp>
      <TopAngle>0</TopAngle>
    </GridSquare>
    <GridSquare xIndex="9" zIndex="8">
      <IsWalkable>True</IsWalkable>
      <Height>0.01</Height>
      <TopUp>0 0 -1</TopUp>
      <TopAngle>0</TopAngle>
    </GridSquare>
    <GridSquare xIndex="9" zIndex="9">
      <IsWalkable>True</IsWalkable>
      <Height>0.01</Height>
      <TopUp>0 0 -1</TopUp>
      <TopAngle>0</TopAngle>
    </GridSquare>
    <GridSquare xIndex="9" zIndex="10">
      <IsWalkable>True</IsWalkable>
      <Height>0.01</Height>
      <TopUp>0 0 -1</TopUp>
      <TopAngle>0</TopAngle>
    </GridSquare>
    <GridSquare xIndex="9" zIndex="11">
      <IsWalkable>True</IsWalkable>
      <Height>0.01</Height>
      <TopUp>0 0 -1</TopUp>
      <TopAngle>0</TopAngle>
    </GridSquare>
    <GridSquare xIndex="10" zIndex="0">
      <IsWalkable>True</IsWalkable>
      <Height>0.01</Height>
      <TopUp>0 0 -1</TopUp>
      <TopAngle>0</TopAngle>
    </GridSquare>
    <GridSquare xIndex="10" zIndex="1">
      <IsWalkable>True</IsWalkable>
      <Height>0.01</Height>
      <TopUp>0 0 -1</TopUp>
      <TopAngle>0</TopAngle>
    </GridSquare>
    <GridSquare xIndex="10" zIndex="2">
      <IsWalkable>True</IsWalkable>
      <Height>0.01</Height>
      <TopUp>0 0 -1</TopUp>
      <TopAngle>0</TopAngle>
    </GridSquare>
    <GridSquare xIndex="10" zIndex="3">
      <IsWalkable>True</IsWalkable>
      <Height>0.01</Height>
      <TopUp>0 0 -1</TopUp>
      <TopAngle>0</TopAngle>
    </GridSquare>
    <GridSquare xIndex="10" zIndex="4">
      <IsWalkable>True</IsWalkable>
      <Height>0.01</Height>
      <TopUp>0 0 -1</TopUp>
      <TopAngle>0</TopAngle>
    </GridSquare>
    <GridSquare xIndex="10" zIndex="5">
      <IsWalkable>True</IsWalkable>
      <Height>0.01</Height>
      <TopUp>0 0 -1</TopUp>
      <TopAngle>0</TopAngle>
    </GridSquare>
    <GridSquare xIndex="10" zIndex="6">
      <IsWalkable>True</IsWalkable>
      <Height>0.01</Height>
      <TopUp>0 0 -1</TopUp>
      <TopAngle>0</TopAngle>
    </GridSquare>
    <GridSquare xIndex="10" zIndex="7">
      <IsWalkable>True</IsWalkable>
      <Height>0.01</Height>
      <TopUp>0 0 -1</TopUp>
      <TopAngle>0</TopAngle>
    </GridSquare>
    <GridSquare xIndex="10" zIndex="8">
      <IsWalkable>True</IsWalkable>
      <Height>0.01</Height>
      <TopUp>0 0 -1</TopUp>
      <TopAngle>0</TopAngle>
    </GridSquare>
    <GridSquare xIndex="10" zIndex="9">
      <IsWalkable>True</IsWalkable>
      <Height>0.01</Height>
      <TopUp>0 0 -1</TopUp>
      <TopAngle>0</TopAngle>
    </GridSquare>
    <GridSquare xIndex="10" zIndex="10">
      <IsWalkable>True</IsWalkable>
      <Height>0.01</Height>
      <TopUp>0 0 -1</TopUp>
      <TopAngle>0</TopAngle>
    </GridSquare>
    <GridSquare xIndex="10" zIndex="11">
      <IsWalkable>True</IsWalkable>
      <Height>0.01</Height>
      <TopUp>0 0 -1</TopUp>
      <TopAngle>0</TopAngle>
    </GridSquare>
    <GridSquare xIndex="11" zIndex="0">
      <IsWalkable>True</IsWalkable>
      <Height>0.01</Height>
      <TopUp>0 0 -1</TopUp>
      <TopAngle>0</TopAngle>
    </GridSquare>
    <GridSquare xIndex="11" zIndex="1">
      <IsWalkable>True</IsWalkable>
      <Height>0.01</Height>
      <TopUp>0 0 -1</TopUp>
      <TopAngle>0</TopAngle>
    </GridSquare>
    <GridSquare xIndex="11" zIndex="2">
      <IsWalkable>True</IsWalkable>
      <Height>0.01</Height>
      <TopUp>0 0 -1</TopUp>
      <TopAngle>0</TopAngle>
    </GridSquare>
    <GridSquare xIndex="11" zIndex="3">
      <IsWalkable>True</IsWalkable>
      <Height>0.01</Height>
      <TopUp>0 0 -1</TopUp>
      <TopAngle>0</TopAngle>
    </GridSquare>
    <GridSquare xIndex="11" zIndex="4">
      <IsWalkable>True</IsWalkable>
      <Height>0.01</Height>
      <TopUp>0 0 -1</TopUp>
      <TopAngle>0</TopAngle>
    </GridSquare>
    <GridSquare xIndex="11" zIndex="5">
      <IsWalkable>True</IsWalkable>
      <Height>0.01</Height>
      <TopUp>0 0 -1</TopUp>
      <TopAngle>0</TopAngle>
    </GridSquare>
    <GridSquare xIndex="11" zIndex="6">
      <IsWalkable>True</IsWalkable>
      <Height>0.01</Height>
      <TopUp>0 0 -1</TopUp>
      <TopAngle>0</TopAngle>
    </GridSquare>
    <GridSquare xIndex="11" zIndex="7">
      <IsWalkable>True</IsWalkable>
      <Height>0.01</Height>
      <TopUp>0 0 -1</TopUp>
      <TopAngle>0</TopAngle>
    </GridSquare>
    <GridSquare xIndex="11" zIndex="8">
      <IsWalkable>True</IsWalkable>
      <Height>0.01</Height>
      <TopUp>0 0 -1</TopUp>
      <TopAngle>0</TopAngle>
    </GridSquare>
    <GridSquare xIndex="11" zIndex="9">
      <IsWalkable>True</IsWalkable>
      <Height>0.01</Height>
      <TopUp>0 0 -1</TopUp>
      <TopAngle>0</TopAngle>
    </GridSquare>
    <GridSquare xIndex="11" zIndex="10">
      <IsWalkable>True</IsWalkable>
      <Height>0.01</Height>
      <TopUp>0 0 -1</TopUp>
      <TopAngle>0</TopAngle>
    </GridSquare>
    <GridSquare xIndex="11" zIndex="11">
      <IsWalkable>True</IsWalkable>
      <Height>0.01</Height>
      <TopUp>0 0 -1</TopUp>
      <TopAngle>0</TopAngle>
    </GridSquare>
  </Grid>
  <Model name="Models/testmap2">
    <Transformations>
      <Scale>
        <Value>0.02772963</Value>
      </Scale>
      <Translate>
        <Offset>6 0 6</Offset>
      </Translate>
    </Transformations>
  </Model>
  <Grid xSize="12" zSize="12" texture="Textures/red">
    <GridSquare xIndex="0" zIndex="0">
      <IsWalkable>True</IsWalkable>
      <Height>0.01</Height>
      <TopUp>0 0 -1</TopUp>
      <TopAngle>0</TopAngle>
    </GridSquare>
    <GridSquare xIndex="0" zIndex="1">
      <IsWalkable>True</IsWalkable>
      <Height>0.01</Height>
      <TopUp>0 0 -1</TopUp>
      <TopAngle>0</TopAngle>
    </GridSquare>
    <GridSquare xIndex="0" zIndex="2">
      <IsWalkable>True</IsWalkable>
      <Height>0.01</Height>
      <TopUp>0 0 -1</TopUp>
      <TopAngle>0</TopAngle>
    </GridSquare>
    <GridSquare xIndex="0" zIndex="3">
      <IsWalkable>True</IsWalkable>
      <Height>0.01</Height>
      <TopUp>0 0 -1</TopUp>
      <TopAngle>0</TopAngle>
    </GridSquare>
    <GridSquare xIndex="0" zIndex="4">
      <IsWalkable>True</IsWalkable>
      <Height>0.01</Height>
      <TopUp>0 0 -1</TopUp>
      <TopAngle>0</TopAngle>
    </GridSquare>
    <GridSquare xIndex="0" zIndex="5">
      <IsWalkable>True</IsWalkable>
      <Height>0.01</Height>
      <TopUp>0 0 -1</TopUp>
      <TopAngle>0</TopAngle>
    </GridSquare>
    <GridSquare xIndex="0" zIndex="6">
      <IsWalkable>True</IsWalkable>
      <Height>0.01</Height>
      <TopUp>0 0 -1</TopUp>
      <TopAngle>0</TopAngle>
    </GridSquare>
    <GridSquare xIndex="0" zIndex="7">
      <IsWalkable>True</IsWalkable>
      <Height>0.01</Height>
      <TopUp>0 0 -1</TopUp>
      <TopAngle>0</TopAngle>
    </GridSquare>
    <GridSquare xIndex="0" zIndex="8">
      <IsWalkable>True</IsWalkable>
      <Height>0.01</Height>
      <TopUp>0 0 -1</TopUp>
      <TopAngle>0</TopAngle>
    </GridSquare>
    <GridSquare xIndex="0" zIndex="9">
      <IsWalkable>True</IsWalkable>
      <Height>0.01</Height>
      <TopUp>0 0 -1</TopUp>
      <TopAngle>0</TopAngle>
    </GridSquare>
    <GridSquare xIndex="0" zIndex="10">
      <IsWalkable>True</IsWalkable>
      <Height>0.01</Height>
      <TopUp>0 0 -1</TopUp>
      <TopAngle>0</TopAngle>
    </GridSquare>
    <GridSquare xIndex="0" zIndex="11">
      <IsWalkable>True</IsWalkable>
      <Height>0.01</Height>
      <TopUp>0 0 -1</TopUp>
      <TopAngle>0</TopAngle>
    </GridSquare>
    <GridSquare xIndex="1" zIndex="0">
      <IsWalkable>True</IsWalkable>
      <Height>0.01</Height>
      <TopUp>0 0 -1</TopUp>
      <TopAngle>0</TopAngle>
    </GridSquare>
    <GridSquare xIndex="1" zIndex="1">
      <IsWalkable>True</IsWalkable>
      <Height>0.01</Height>
      <TopUp>0 0 -1</TopUp>
      <TopAngle>0</TopAngle>
    </GridSquare>
    <GridSquare xIndex="1" zIndex="2">
      <IsWalkable>True</IsWalkable>
      <Height>0.01</Height>
      <TopUp>0 0 -1</TopUp>
      <TopAngle>0</TopAngle>
    </GridSquare>
    <GridSquare xIndex="1" zIndex="3">
      <IsWalkable>True</IsWalkable>
      <Height>0.01</Height>
      <TopUp>0 0 -1</TopUp>
      <TopAngle>0</TopAngle>
    </GridSquare>
    <GridSquare xIndex="1" zIndex="4">
      <IsWalkable>True</IsWalkable>
      <Height>0.01</Height>
      <TopUp>0 0 -1</TopUp>
      <TopAngle>0</TopAngle>
    </GridSquare>
    <GridSquare xIndex="1" zIndex="5">
      <IsWalkable>True</IsWalkable>
      <Height>0.01</Height>
      <TopUp>0 0 -1</TopUp>
      <TopAngle>0</TopAngle>
    </GridSquare>
    <GridSquare xIndex="1" zIndex="6">
      <IsWalkable>True</IsWalkable>
      <Height>0.01</Height>
      <TopUp>0 0 -1</TopUp>
      <TopAngle>0</TopAngle>
    </GridSquare>
    <GridSquare xIndex="1" zIndex="7">
      <IsWalkable>True</IsWalkable>
      <Height>0.01</Height>
      <TopUp>0 0 -1</TopUp>
      <TopAngle>0</TopAngle>
    </GridSquare>
    <GridSquare xIndex="1" zIndex="8">
      <IsWalkable>True</IsWalkable>
      <Height>0.01</Height>
      <TopUp>0 0 -1</TopUp>
      <TopAngle>0</TopAngle>
    </GridSquare>
    <GridSquare xIndex="1" zIndex="9">
      <IsWalkable>True</IsWalkable>
      <Height>0.01</Height>
      <TopUp>0 0 -1</TopUp>
      <TopAngle>0</TopAngle>
    </GridSquare>
    <GridSquare xIndex="1" zIndex="10">
      <IsWalkable>True</IsWalkable>
      <Height>0.01</Height>
      <TopUp>0 0 -1</TopUp>
      <TopAngle>0</TopAngle>
    </GridSquare>
    <GridSquare xIndex="1" zIndex="11">
      <IsWalkable>True</IsWalkable>
      <Height>0.01</Height>
      <TopUp>0 0 -1</TopUp>
      <TopAngle>0</TopAngle>
    </GridSquare>
    <GridSquare xIndex="2" zIndex="0">
      <IsWalkable>True</IsWalkable>
      <Height>0.01</Height>
      <TopUp>0 0 -1</TopUp>
      <TopAngle>0</TopAngle>
    </GridSquare>
    <GridSquare xIndex="2" zIndex="1">
      <IsWalkable>True</IsWalkable>
      <Height>0.01</Height>
      <TopUp>0 0 -1</TopUp>
      <TopAngle>0</TopAngle>
    </GridSquare>
    <GridSquare xIndex="2" zIndex="2">
      <IsWalkable>True</IsWalkable>
      <Height>0.01</Height>
      <TopUp>0 0 -1</TopUp>
      <TopAngle>0</TopAngle>
    </GridSquare>
    <GridSquare xIndex="2" zIndex="3">
      <IsWalkable>True</IsWalkable>
      <Height>0.01</Height>
      <TopUp>0 0 -1</TopUp>
      <TopAngle>0</TopAngle>
    </GridSquare>
    <GridSquare xIndex="2" zIndex="4">
      <IsWalkable>True</IsWalkable>
      <Height>0.01</Height>
      <TopUp>0 0 -1</TopUp>
      <TopAngle>0</TopAngle>
    </GridSquare>
    <GridSquare xIndex="2" zIndex="5">
      <IsWalkable>True</IsWalkable>
      <Height>0.01</Height>
      <TopUp>0 0 -1</TopUp>
      <TopAngle>0</TopAngle>
    </GridSquare>
    <GridSquare xIndex="2" zIndex="6">
      <IsWalkable>True</IsWalkable>
      <Height>0.01</Height>
      <TopUp>0 0 -1</TopUp>
      <TopAngle>0</TopAngle>
    </GridSquare>
    <GridSquare xIndex="2" zIndex="7">
      <IsWalkable>True</IsWalkable>
      <Height>0.01</Height>
      <TopUp>0 0 -1</TopUp>
      <TopAngle>0</TopAngle>
    </GridSquare>
    <GridSquare xIndex="2" zIndex="8">
      <IsWalkable>True</IsWalkable>
      <Height>0.01</Height>
      <TopUp>0 0 -1</TopUp>
      <TopAngle>0</TopAngle>
    </GridSquare>
    <GridSquare xIndex="2" zIndex="9">
      <IsWalkable>True</IsWalkable>
      <Height>0.01</Height>
      <TopUp>0 0 -1</TopUp>
      <TopAngle>0</TopAngle>
    </GridSquare>
    <GridSquare xIndex="2" zIndex="10">
      <IsWalkable>True</IsWalkable>
      <Height>0.01</Height>
      <TopUp>0 0 -1</TopUp>
      <TopAngle>0</TopAngle>
    </GridSquare>
    <GridSquare xIndex="2" zIndex="11">
      <IsWalkable>True</IsWalkable>
      <Height>0.01</Height>
      <TopUp>0 0 -1</TopUp>
      <TopAngle>0</TopAngle>
    </GridSquare>
    <GridSquare xIndex="3" zIndex="0">
      <IsWalkable>True</IsWalkable>
      <Height>0.01</Height>
      <TopUp>0 0 -1</TopUp>
      <TopAngle>0</TopAngle>
    </GridSquare>
    <GridSquare xIndex="3" zIndex="1">
      <IsWalkable>True</IsWalkable>
      <Height>0.01</Height>
      <TopUp>0 0 -1</TopUp>
      <TopAngle>0</TopAngle>
    </GridSquare>
    <GridSquare xIndex="3" zIndex="2">
      <IsWalkable>True</IsWalkable>
      <Height>0.01</Height>
      <TopUp>0 0 -1</TopUp>
      <TopAngle>0</TopAngle>
    </GridSquare>
    <GridSquare xIndex="3" zIndex="3">
      <IsWalkable>True</IsWalkable>
      <Height>0.01</Height>
      <TopUp>0 0 -1</TopUp>
      <TopAngle>0</TopAngle>
    </GridSquare>
    <GridSquare xIndex="3" zIndex="4">
      <IsWalkable>True</IsWalkable>
      <Height>0.01</Height>
      <TopUp>0 0 -1</TopUp>
      <TopAngle>0</TopAngle>
    </GridSquare>
    <GridSquare xIndex="3" zIndex="5">
      <IsWalkable>True</IsWalkable>
      <Height>0.01</Height>
      <TopUp>0 0 -1</TopUp>
      <TopAngle>0</TopAngle>
    </GridSquare>
    <GridSquare xIndex="3" zIndex="6">
      <IsWalkable>True</IsWalkable>
      <Height>0.01</Height>
      <TopUp>0 0 -1</TopUp>
      <TopAngle>0</TopAngle>
    </GridSquare>
    <GridSquare xIndex="3" zIndex="7">
      <IsWalkable>True</IsWalkable>
      <Height>0.01</Height>
      <TopUp>0 0 -1</TopUp>
      <TopAngle>0</TopAngle>
    </GridSquare>
    <GridSquare xIndex="3" zIndex="8">
      <IsWalkable>True</IsWalkable>
      <Height>0.01</Height>
      <TopUp>0 0 -1</TopUp>
      <TopAngle>0</TopAngle>
    </GridSquare>
    <GridSquare xIndex="3" zIndex="9">
      <IsWalkable>True</IsWalkable>
      <Height>0.01</Height>
      <TopUp>0 0 -1</TopUp>
      <TopAngle>0</TopAngle>
    </GridSquare>
    <GridSquare xIndex="3" zIndex="10">
      <IsWalkable>True</IsWalkable>
      <Height>0.01</Height>
      <TopUp>0 0 -1</TopUp>
      <TopAngle>0</TopAngle>
    </GridSquare>
    <GridSquare xIndex="3" zIndex="11">
      <IsWalkable>True</IsWalkable>
      <Height>0.01</Height>
      <TopUp>0 0 -1</TopUp>
      <TopAngle>0</TopAngle>
    </GridSquare>
    <GridSquare xIndex="4" zIndex="0">
      <IsWalkable>True</IsWalkable>
      <Height>0.01</Height>
      <TopUp>0 0 -1</TopUp>
      <TopAngle>0</TopAngle>
    </GridSquare>
    <GridSquare xIndex="4" zIndex="1">
      <IsWalkable>True</IsWalkable>
      <Height>0.01</Height>
      <TopUp>0 0 -1</TopUp>
      <TopAngle>0</TopAngle>
    </GridSquare>
    <GridSquare xIndex="4" zIndex="2">
      <IsWalkable>True</IsWalkable>
      <Height>0.01</Height>
      <TopUp>0 0 -1</TopUp>
      <TopAngle>0</TopAngle>
    </GridSquare>
    <GridSquare xIndex="4" zIndex="3">
      <IsWalkable>True</IsWalkable>
      <Height>0.01</Height>
      <TopUp>0 0 -1</TopUp>
      <TopAngle>0</TopAngle>
    </GridSquare>
    <GridSquare xIndex="4" zIndex="4">
      <IsWalkable>True</IsWalkable>
      <Height>0.01</Height>
      <TopUp>0 0 -1</TopUp>
      <TopAngle>0</TopAngle>
    </GridSquare>
    <GridSquare xIndex="4" zIndex="5">
      <IsWalkable>True</IsWalkable>
      <Height>0.01</Height>
      <TopUp>0 0 -1</TopUp>
      <TopAngle>0</TopAngle>
    </GridSquare>
    <GridSquare xIndex="4" zIndex="6">
      <IsWalkable>True</IsWalkable>
      <Height>0.01</Height>
      <TopUp>0 0 -1</TopUp>
      <TopAngle>0</TopAngle>
    </GridSquare>
    <GridSquare xIndex="4" zIndex="7">
      <IsWalkable>True</IsWalkable>
      <Height>0.01</Height>
      <TopUp>0 0 -1</TopUp>
      <TopAngle>0</TopAngle>
    </GridSquare>
    <GridSquare xIndex="4" zIndex="8">
      <IsWalkable>True</IsWalkable>
      <Height>0.01</Height>
      <TopUp>0 0 -1</TopUp>
      <TopAngle>0</TopAngle>
    </GridSquare>
    <GridSquare xIndex="4" zIndex="9">
      <IsWalkable>True</IsWalkable>
      <Height>0.01</Height>
      <TopUp>0 0 -1</TopUp>
      <TopAngle>0</TopAngle>
    </GridSquare>
    <GridSquare xIndex="4" zIndex="10">
      <IsWalkable>True</IsWalkable>
      <Height>0.01</Height>
      <TopUp>0 0 -1</TopUp>
      <TopAngle>0</TopAngle>
    </GridSquare>
    <GridSquare xIndex="4" zIndex="11">
      <IsWalkable>True</IsWalkable>
      <Height>0.01</Height>
      <TopUp>0 0 -1</TopUp>
      <TopAngle>0</TopAngle>
    </GridSquare>
    <GridSquare xIndex="5" zIndex="0">
      <IsWalkable>True</IsWalkable>
      <Height>0.01</Height>
      <TopUp>0 0 -1</TopUp>
      <TopAngle>0</TopAngle>
    </GridSquare>
    <GridSquare xIndex="5" zIndex="1">
      <IsWalkable>True</IsWalkable>
      <Height>0.01</Height>
      <TopUp>0 0 -1</TopUp>
      <TopAngle>0</TopAngle>
    </GridSquare>
    <GridSquare xIndex="5" zIndex="2">
      <IsWalkable>True</IsWalkable>
      <Height>0.01</Height>
      <TopUp>0 0 -1</TopUp>
      <TopAngle>0</TopAngle>
    </GridSquare>
    <GridSquare xIndex="5" zIndex="3">
      <IsWalkable>True</IsWalkable>
      <Height>0.01</Height>
      <TopUp>0 0 -1</TopUp>
      <TopAngle>0</TopAngle>
    </GridSquare>
    <GridSquare xIndex="5" zIndex="4">
      <IsWalkable>True</IsWalkable>
      <Height>0.01</Height>
      <TopUp>0 0 -1</TopUp>
      <TopAngle>0</TopAngle>
    </GridSquare>
    <GridSquare xIndex="5" zIndex="5">
      <IsWalkable>True</IsWalkable>
      <Height>0.01</Height>
      <TopUp>0 0 -1</TopUp>
      <TopAngle>0</TopAngle>
    </GridSquare>
    <GridSquare xIndex="5" zIndex="6">
      <IsWalkable>True</IsWalkable>
      <Height>0.01</Height>
      <TopUp>0 0 -1</TopUp>
      <TopAngle>0</TopAngle>
    </GridSquare>
    <GridSquare xIndex="5" zIndex="7">
      <IsWalkable>True</IsWalkable>
      <Height>0.01</Height>
      <TopUp>0 0 -1</TopUp>
      <TopAngle>0</TopAngle>
    </GridSquare>
    <GridSquare xIndex="5" zIndex="8">
      <IsWalkable>True</IsWalkable>
      <Height>0.01</Height>
      <TopUp>0 0 -1</TopUp>
      <TopAngle>0</TopAngle>
    </GridSquare>
    <GridSquare xIndex="5" zIndex="9">
      <IsWalkable>True</IsWalkable>
      <Height>0.01</Height>
      <TopUp>0 0 -1</TopUp>
      <TopAngle>0</TopAngle>
    </GridSquare>
    <GridSquare xIndex="5" zIndex="10">
      <IsWalkable>True</IsWalkable>
      <Height>0.01</Height>
      <TopUp>0 0 -1</TopUp>
      <TopAngle>0</TopAngle>
    </GridSquare>
    <GridSquare xIndex="5" zIndex="11">
      <IsWalkable>True</IsWalkable>
      <Height>0.01</Height>
      <TopUp>0 0 -1</TopUp>
      <TopAngle>0</TopAngle>
    </GridSquare>
    <GridSquare xIndex="6" zIndex="0">
      <IsWalkable>True</IsWalkable>
      <Height>0.01</Height>
      <TopUp>0 0 -1</TopUp>
      <TopAngle>0</TopAngle>
    </GridSquare>
    <GridSquare xIndex="6" zIndex="1">
      <IsWalkable>True</IsWalkable>
      <Height>0.01</Height>
      <TopUp>0 0 -1</TopUp>
      <TopAngle>0</TopAngle>
    </GridSquare>
    <GridSquare xIndex="6" zIndex="2">
      <IsWalkable>True</IsWalkable>
      <Height>0.01</Height>
      <TopUp>0 0 -1</TopUp>
      <TopAngle>0</TopAngle>
    </GridSquare>
    <GridSquare xIndex="6" zIndex="3">
      <IsWalkable>True</IsWalkable>
      <Height>0.01</Height>
      <TopUp>0 0 -1</TopUp>
      <TopAngle>0</TopAngle>
    </GridSquare>
    <GridSquare xIndex="6" zIndex="4">
      <IsWalkable>True</IsWalkable>
      <Height>0.01</Height>
      <TopUp>0 0 -1</TopUp>
      <TopAngle>0</TopAngle>
    </GridSquare>
    <GridSquare xIndex="6" zIndex="5">
      <IsWalkable>True</IsWalkable>
      <Height>0.01</Height>
      <TopUp>0 0 -1</TopUp>
      <TopAngle>0</TopAngle>
    </GridSquare>
    <GridSquare xIndex="6" zIndex="6">
      <IsWalkable>True</IsWalkable>
      <Height>0.01</Height>
      <TopUp>0 0 -1</TopUp>
      <TopAngle>0</TopAngle>
    </GridSquare>
    <GridSquare xIndex="6" zIndex="7">
      <IsWalkable>True</IsWalkable>
      <Height>0.01</Height>
      <TopUp>0 0 -1</TopUp>
      <TopAngle>0</TopAngle>
    </GridSquare>
    <GridSquare xIndex="6" zIndex="8">
      <IsWalkable>True</IsWalkable>
      <Height>0.01</Height>
      <TopUp>0 0 -1</TopUp>
      <TopAngle>0</TopAngle>
    </GridSquare>
    <GridSquare xIndex="6" zIndex="9">
      <IsWalkable>True</IsWalkable>
      <Height>0.01</Height>
      <TopUp>0 0 -1</TopUp>
      <TopAngle>0</TopAngle>
    </GridSquare>
    <GridSquare xIndex="6" zIndex="10">
      <IsWalkable>True</IsWalkable>
      <Height>0.01</Height>
      <TopUp>0 0 -1</TopUp>
      <TopAngle>0</TopAngle>
    </GridSquare>
    <GridSquare xIndex="6" zIndex="11">
      <IsWalkable>True</IsWalkable>
      <Height>0.01</Height>
      <TopUp>0 0 -1</TopUp>
      <TopAngle>0</TopAngle>
    </GridSquare>
    <GridSquare xIndex="7" zIndex="0">
      <IsWalkable>True</IsWalkable>
      <Height>0.01</Height>
      <TopUp>0 0 -1</TopUp>
      <TopAngle>0</TopAngle>
    </GridSquare>
    <GridSquare xIndex="7" zIndex="1">
      <IsWalkable>True</IsWalkable>
      <Height>0.01</Height>
      <TopUp>0 0 -1</TopUp>
      <TopAngle>0</TopAngle>
    </GridSquare>
    <GridSquare xIndex="7" zIndex="2">
      <IsWalkable>True</IsWalkable>
      <Height>0.01</Height>
      <TopUp>0 0 -1</TopUp>
      <TopAngle>0</TopAngle>
    </GridSquare>
    <GridSquare xIndex="7" zIndex="3">
      <IsWalkable>True</IsWalkable>
      <Height>0.01</Height>
      <TopUp>0 0 -1</TopUp>
      <TopAngle>0</TopAngle>
    </GridSquare>
    <GridSquare xIndex="7" zIndex="4">
      <IsWalkable>True</IsWalkable>
      <Height>1.06</Height>
      <TopUp>1 0 0</TopUp>
      <TopAngle>25</TopAngle>
    </GridSquare>
    <GridSquare xIndex="7" zIndex="5">
      <IsWalkable>True</IsWalkable>
      <Height>0.01</Height>
      <TopUp>0 0 -1</TopUp>
      <TopAngle>0</TopAngle>
    </GridSquare>
    <GridSquare xIndex="7" zIndex="6">
      <IsWalkable>True</IsWalkable>
      <Height>0.01</Height>
      <TopUp>0 0 -1</TopUp>
      <TopAngle>0</TopAngle>
    </GridSquare>
    <GridSquare xIndex="7" zIndex="7">
      <IsWalkable>True</IsWalkable>
      <Height>0.01</Height>
      <TopUp>0 0 -1</TopUp>
      <TopAngle>0</TopAngle>
    </GridSquare>
    <GridSquare xIndex="7" zIndex="8">
      <IsWalkable>True</IsWalkable>
      <Height>0.01</Height>
      <TopUp>0 0 -1</TopUp>
      <TopAngle>0</TopAngle>
    </GridSquare>
    <GridSquare xIndex="7" zIndex="9">
      <IsWalkable>True</IsWalkable>
      <Height>0.01</Height>
      <TopUp>0 0 -1</TopUp>
      <TopAngle>0</TopAngle>
    </GridSquare>
    <GridSquare xIndex="7" zIndex="10">
      <IsWalkable>True</IsWalkable>
      <Height>0.01</Height>
      <TopUp>0 0 -1</TopUp>
      <TopAngle>0</TopAngle>
    </GridSquare>
    <GridSquare xIndex="7" zIndex="11">
      <IsWalkable>True</IsWalkable>
      <Height>0.01</Height>
      <TopUp>0 0 -1</TopUp>
      <TopAngle>0</TopAngle>
    </GridSquare>
    <GridSquare xIndex="8" zIndex="0">
      <IsWalkable>True</IsWalkable>
      <Height>0.01</Height>
      <TopUp>0 0 -1</TopUp>
      <TopAngle>0</TopAngle>
    </GridSquare>
    <GridSquare xIndex="8" zIndex="1">
      <IsWalkable>True</IsWalkable>
      <Height>0.01</Height>
      <TopUp>0 0 -1</TopUp>
      <TopAngle>0</TopAngle>
    </GridSquare>
    <GridSquare xIndex="8" zIndex="2">
      <IsWalkable>True</IsWalkable>
      <Height>0.01</Height>
      <TopUp>0 0 -1</TopUp>
      <TopAngle>0</TopAngle>
    </GridSquare>
    <GridSquare xIndex="8" zIndex="3">
      <IsWalkable>True</IsWalkable>
      <Height>0.01</Height>
      <TopUp>0 0 -1</TopUp>
      <TopAngle>0</TopAngle>
    </GridSquare>
    <GridSquare xIndex="8" zIndex="4">
      <IsWalkable>True</IsWalkable>
      <Height>0.01</Height>
      <TopUp>0 0 -1</TopUp>
      <TopAngle>0</TopAngle>
    </GridSquare>
    <GridSquare xIndex="8" zIndex="5">
      <IsWalkable>True</IsWalkable>
      <Height>0.01</Height>
      <TopUp>0 0 -1</TopUp>
      <TopAngle>0</TopAngle>
    </GridSquare>
    <GridSquare xIndex="8" zIndex="6">
      <IsWalkable>True</IsWalkable>
      <Height>0.01</Height>
      <TopUp>0 0 -1</TopUp>
      <TopAngle>0</TopAngle>
    </GridSquare>
    <GridSquare xIndex="8" zIndex="7">
      <IsWalkable>True</IsWalkable>
      <Height>0.01</Height>
      <TopUp>0 0 -1</TopUp>
      <TopAngle>0</TopAngle>
    </GridSquare>
    <GridSquare xIndex="8" zIndex="8">
      <IsWalkable>True</IsWalkable>
      <Height>0.01</Height>
      <TopUp>0 0 -1</TopUp>
      <TopAngle>0</TopAngle>
    </GridSquare>
    <GridSquare xIndex="8" zIndex="9">
      <IsWalkable>True</IsWalkable>
      <Height>0.01</Height>
      <TopUp>0 0 -1</TopUp>
      <TopAngle>0</TopAngle>
    </GridSquare>
    <GridSquare xIndex="8" zIndex="10">
      <IsWalkable>True</IsWalkable>
      <Height>0.01</Height>
      <TopUp>0 0 -1</TopUp>
      <TopAngle>0</TopAngle>
    </GridSquare>
    <GridSquare xIndex="8" zIndex="11">
      <IsWalkable>True</IsWalkable>
      <Height>0.01</Height>
      <TopUp>0 0 -1</TopUp>
      <TopAngle>0</TopAngle>
    </GridSquare>
    <GridSquare xIndex="9" zIndex="0">
      <IsWalkable>True</IsWalkable>
      <Height>0.01</Height>
      <TopUp>0 0 -1</TopUp>
      <TopAngle>0</TopAngle>
    </GridSquare>
    <GridSquare xIndex="9" zIndex="1">
      <IsWalkable>True</IsWalkable>
      <Height>0.01</Height>
      <TopUp>0 0 -1</TopUp>
      <TopAngle>0</TopAngle>
    </GridSquare>
    <GridSquare xIndex="9" zIndex="2">
      <IsWalkable>True</IsWalkable>
      <Height>0.01</Height>
      <TopUp>0 0 -1</TopUp>
      <TopAngle>0</TopAngle>
    </GridSquare>
    <GridSquare xIndex="9" zIndex="3">
      <IsWalkable>True</IsWalkable>
      <Height>0.01</Height>
      <TopUp>0 0 -1</TopUp>
      <TopAngle>0</TopAngle>
    </GridSquare>
    <GridSquare xIndex="9" zIndex="4">
      <IsWalkable>True</IsWalkable>
      <Height>0.01</Height>
      <TopUp>0 0 -1</TopUp>
      <TopAngle>0</TopAngle>
    </GridSquare>
    <GridSquare xIndex="9" zIndex="5">
      <IsWalkable>True</IsWalkable>
      <Height>0.01</Height>
      <TopUp>0 0 -1</TopUp>
      <TopAngle>0</TopAngle>
    </GridSquare>
    <GridSquare xIndex="9" zIndex="6">
      <IsWalkable>True</IsWalkable>
      <Height>0.01</Height>
      <TopUp>0 0 -1</TopUp>
      <TopAngle>0</TopAngle>
    </GridSquare>
    <GridSquare xIndex="9" zIndex="7">
      <IsWalkable>True</IsWalkable>
      <Height>0.01</Height>
      <TopUp>0 0 -1</TopUp>
      <TopAngle>0</TopAngle>
    </GridSquare>
    <GridSquare xIndex="9" zIndex="8">
      <IsWalkable>True</IsWalkable>
      <Height>0.01</Height>
      <TopUp>0 0 -1</TopUp>
      <TopAngle>0</TopAngle>
    </GridSquare>
    <GridSquare xIndex="9" zIndex="9">
      <IsWalkable>True</IsWalkable>
      <Height>0.01</Height>
      <TopUp>0 0 -1</TopUp>
      <TopAngle>0</TopAngle>
    </GridSquare>
    <GridSquare xIndex="9" zIndex="10">
      <IsWalkable>True</IsWalkable>
      <Height>0.01</Height>
      <TopUp>0 0 -1</TopUp>
      <TopAngle>0</TopAngle>
    </GridSquare>
    <GridSquare xIndex="9" zIndex="11">
      <IsWalkable>True</IsWalkable>
      <Height>0.01</Height>
      <TopUp>0 0 -1</TopUp>
      <TopAngle>0</TopAngle>
    </GridSquare>
    <GridSquare xIndex="10" zIndex="0">
      <IsWalkable>True</IsWalkable>
      <Height>0.01</Height>
      <TopUp>0 0 -1</TopUp>
      <TopAngle>0</TopAngle>
    </GridSquare>
    <GridSquare xIndex="10" zIndex="1">
      <IsWalkable>True</IsWalkable>
      <Height>0.01</Height>
      <TopUp>0 0 -1</TopUp>
      <TopAngle>0</TopAngle>
    </GridSquare>
    <GridSquare xIndex="10" zIndex="2">
      <IsWalkable>True</IsWalkable>
      <Height>0.01</Height>
      <TopUp>0 0 -1</TopUp>
      <TopAngle>0</TopAngle>
    </GridSquare>
    <GridSquare xIndex="10" zIndex="3">
      <IsWalkable>True</IsWalkable>
      <Height>0.01</Height>
      <TopUp>0 0 -1</TopUp>
      <TopAngle>0</TopAngle>
    </GridSquare>
    <GridSquare xIndex="10" zIndex="4">
      <IsWalkable>True</IsWalkable>
      <Height>0.01</Height>
      <TopUp>0 0 -1</TopUp>
      <TopAngle>0</TopAngle>
    </GridSquare>
    <GridSquare xIndex="10" zIndex="5">
      <IsWalkable>True</IsWalkable>
      <Height>0.01</Height>
      <TopUp>0 0 -1</TopUp>
      <TopAngle>0</TopAngle>
    </GridSquare>
    <GridSquare xIndex="10" zIndex="6">
      <IsWalkable>True</IsWalkable>
      <Height>0.01</Height>
      <TopUp>0 0 -1</TopUp>
      <TopAngle>0</TopAngle>
    </GridSquare>
    <GridSquare xIndex="10" zIndex="7">
      <IsWalkable>True</IsWalkable>
      <Height>0.01</Height>
      <TopUp>0 0 -1</TopUp>
      <TopAngle>0</TopAngle>
    </GridSquare>
    <GridSquare xIndex="10" zIndex="8">
      <IsWalkable>True</IsWalkable>
      <Height>0.01</Height>
      <TopUp>0 0 -1</TopUp>
      <TopAngle>0</TopAngle>
    </GridSquare>
    <GridSquare xIndex="10" zIndex="9">
      <IsWalkable>True</IsWalkable>
      <Height>0.01</Height>
      <TopUp>0 0 -1</TopUp>
      <TopAngle>0</TopAngle>
    </GridSquare>
    <GridSquare xIndex="10" zIndex="10">
      <IsWalkable>True</IsWalkable>
      <Height>0.01</Height>
      <TopUp>0 0 -1</TopUp>
      <TopAngle>0</TopAngle>
    </GridSquare>
    <GridSquare xIndex="10" zIndex="11">
      <IsWalkable>True</IsWalkable>
      <Height>0.01</Height>
      <TopUp>0 0 -1</TopUp>
      <TopAngle>0</TopAngle>
    </GridSquare>
    <GridSquare xIndex="11" zIndex="0">
      <IsWalkable>True</IsWalkable>
      <Height>0.01</Height>
      <TopUp>0 0 -1</TopUp>
      <TopAngle>0</TopAngle>
    </GridSquare>
    <GridSquare xIndex="11" zIndex="1">
      <IsWalkable>True</IsWalkable>
      <Height>0.01</Height>
      <TopUp>0 0 -1</TopUp>
      <TopAngle>0</TopAngle>
    </GridSquare>
    <GridSquare xIndex="11" zIndex="2">
      <IsWalkable>True</IsWalkable>
      <Height>0.01</Height>
      <TopUp>0 0 -1</TopUp>
      <TopAngle>0</TopAngle>
    </GridSquare>
    <GridSquare xIndex="11" zIndex="3">
      <IsWalkable>True</IsWalkable>
      <Height>0.01</Height>
      <TopUp>0 0 -1</TopUp>
      <TopAngle>0</TopAngle>
    </GridSquare>
    <GridSquare xIndex="11" zIndex="4">
      <IsWalkable>True</IsWalkable>
      <Height>0.01</Height>
      <TopUp>0 0 -1</TopUp>
      <TopAngle>0</TopAngle>
    </GridSquare>
    <GridSquare xIndex="11" zIndex="5">
      <IsWalkable>True</IsWalkable>
      <Height>0.01</Height>
      <TopUp>0 0 -1</TopUp>
      <TopAngle>0</TopAngle>
    </GridSquare>
    <GridSquare xIndex="11" zIndex="6">
      <IsWalkable>True</IsWalkable>
      <Height>0.01</Height>
      <TopUp>0 0 -1</TopUp>
      <TopAngle>0</TopAngle>
    </GridSquare>
    <GridSquare xIndex="11" zIndex="7">
      <IsWalkable>True</IsWalkable>
      <Height>0.01</Height>
      <TopUp>0 0 -1</TopUp>
      <TopAngle>0</TopAngle>
    </GridSquare>
    <GridSquare xIndex="11" zIndex="8">
      <IsWalkable>True</IsWalkable>
      <Height>0.01</Height>
      <TopUp>0 0 -1</TopUp>
      <TopAngle>0</TopAngle>
    </GridSquare>
    <GridSquare xIndex="11" zIndex="9">
      <IsWalkable>True</IsWalkable>
      <Height>0.01</Height>
      <TopUp>0 0 -1</TopUp>
      <TopAngle>0</TopAngle>
    </GridSquare>
    <GridSquare xIndex="11" zIndex="10">
      <IsWalkable>True</IsWalkable>
      <Height>0.01</Height>
      <TopUp>0 0 -1</TopUp>
      <TopAngle>0</TopAngle>
    </GridSquare>
    <GridSquare xIndex="11" zIndex="11">
      <IsWalkable>True</IsWalkable>
      <Height>0.01</Height>
      <TopUp>0 0 -1</TopUp>
      <TopAngle>0</TopAngle>
    </GridSquare>
  </Grid>
  <Model name="Models/testmap2">
    <Transformations>
      <Scale>
        <Value>0.02772963</Value>
      </Scale>
      <Translate>
        <Offset>6 0 6</Offset>
      </Translate>
    </Transformations>
  </Model>
  <Model name="Models/skull">
    <Transformations>
      <Scale>
        <Value>0.02790794</Value>
      </Scale>
      <Rotate>
        <Value>180</Value>
        <Axis>Y</Axis>
      </Rotate>
      <Translate>
        <Offset>7 1 3.5</Offset>
      </Translate>
    </Transformations>
  </Model>
</UWRPG>